$ 36, 36

 . . . . . # . # . . . . . . # . # . . . . . . # . # . . . . . . # . # . 
 . # # # # # . # . # # # # # # . # . # # # # # # . # . # # # # # # . # . 
 . . . # . . . . . . . . # . . . . . . . . # . . . . . . . . # . . . . . 
 . # . # . # # # # . # . # . # # # # . # . # . # # # # . # . # . # # # #
 . # . . . . . . . . # . . . . . . . . # . . . . . . . . # . . . . . . . 
 # # . # # # . # # # # . # # # . # # # # . # # # . # # # # . # # # . # #
 . . . . . # . . . . . . . . # . . . . . . . . # . . . . . . . . # . . .
 # # . # . # . # # # # . # . # . # # # # . # . # . # # # # . # . # . # #
 . * . # . # . . . . . # # . # . . . . . . # . # . . . # # . # . # . . .
 . . . . . # . # . # . . . . # . # # . # . . . # . # . . . . . . # . # . 
 . # # # # # . # . . # # # # # . # # . # # # # # . # . # # # # # # . # . 
 . . . # . . . . . . . . # . . . . . . . . # . . . . . . . . # . . . . . 
 . # . # . # # # # . # . # . # # # # . # . # . # # # # . # . # . # # # #
 . # . . . . . . . . # . . . . . . . . # . . . . . . . . # . . . . . . . 
 # # . # # # . # # # # . # # # . # # # # . # # # . # # # # . # # # . # #
 . . . . . # . . . . . . . . # . . . . . . . . # . . . . . . . . # . . .
 # # . # . # . # # # # . # . # . # # # # . # . # . # # # # . # . # . # #
 * # . # . # . . . . . . # . # . . . # # . # . # . . . . . . # . # . . .
 . . . . . # . # # # # . . . # . # . . . . . . # . # . # . . . . # . # . 
 . # # # # # . # # . # # # # # . # # . # # # # # . # . # # # # # # . # . 
 . . . # . . . . . . . . # . . . . . . . . # . . . . . . . . # . . . . . 
 . # . # . # # # # . # . # . # # # # . # . # . # # # # . # . # . # # # #
 . # . . . . . . . . # . . . . . . . . # . . . . . . . . # . . . . . . . 
 # # . # # # . # # # # . # # # . # # # # . # # # . # # # # . # # # . # #
 . . . . . # . . . . . . . . # . . . . . . . . # . . . . . . . . # . . .
 # # . # . # . # # # # . # . # . # # # # . # . # . # # # # . # . # . # #
 # # . # . # . . . . . . # . # . . . # # . # . # . . . . # . # . # . . .
 . . . . . # . # . # # . . . # . # . . . . . . # v # # . . . . . # . # . 
 . # # # # # . # . # # # # # # . # . # # # # # # . # # . # # # # # . # . 
 . . . # . . . . . . . . # . . . . . . . . # . . . . . . . . # . . . . . 
 . # . # . # # # # . # . # . # # # # . # . # . # # # # . # . # . # # # #
 . # . . . . . . . . # . . . . . . . . # . . . . . . . . # . . . . . . . 
 # # . # # # . # # # # . # # # . # # # # . # # # . # # # # . # # # . # #
 . . . . . # . . . . . . . . # . . . . . . . . # . . . . . . . . # . . .
 # # . # . # . # # # # . # . # . # # # # . # . # . # # # # . # . # . # #
 . . . # . # . . . . . . # . # . . . . . . # . # . . . . . . # . # . . .
  